[2m2025-04-15 21:02:34.346[0;39m [32m INFO[0;39m [35m5290[0;39m [2m---[0;39m [2m[ionShutdownHook][0;39m [36mo.s.b.w.e.tomcat.GracefulShutdown       [0;39m [2m:[0;39m Commencing graceful shutdown. Waiting for active requests to complete
[2m2025-04-15 21:02:36.353[0;39m [32m INFO[0;39m [35m5290[0;39m [2m---[0;39m [2m[tomcat-shutdown][0;39m [36mo.s.b.w.e.tomcat.GracefulShutdown       [0;39m [2m:[0;39m Graceful shutdown complete
[2m2025-04-15 21:02:36.357[0;39m [32m INFO[0;39m [35m5290[0;39m [2m---[0;39m [2m[ionShutdownHook][0;39m [36mc.b.d.d.DynamicRoutingDataSource        [0;39m [2m:[0;39m dynamic-datasource start closing ....
[2m2025-04-15 21:02:36.357[0;39m [32m INFO[0;39m [35m5290[0;39m [2m---[0;39m [2m[ionShutdownHook][0;39m [36mc.b.d.d.d.DefaultDataSourceDestroyer    [0;39m [2m:[0;39m dynamic-datasource close the datasource named [order] success,
[2m2025-04-15 21:02:36.357[0;39m [32m INFO[0;39m [35m5290[0;39m [2m---[0;39m [2m[ionShutdownHook][0;39m [36mc.b.d.d.DynamicRoutingDataSource        [0;39m [2m:[0;39m dynamic-datasource all closed success,bye
[2m2025-04-15 21:04:25.955[0;39m [32m INFO[0;39m [35m6835[0;39m [2m---[0;39m [2m[  restartedMain][0;39m [36mcn.thtns.test.auto.TestAutoApplication  [0;39m [2m:[0;39m Starting TestAutoApplication using Java 17.0.8.1 with PID 6835 (/Users/liuyujun/IdeaProjects/test-auto/target/classes started by liuyujun in /Users/liuyujun/IdeaProjects/test-auto)
[2m2025-04-15 21:04:25.956[0;39m [32m INFO[0;39m [35m6835[0;39m [2m---[0;39m [2m[  restartedMain][0;39m [36mcn.thtns.test.auto.TestAutoApplication  [0;39m [2m:[0;39m No active profile set, falling back to 1 default profile: "default"
[2m2025-04-15 21:04:25.983[0;39m [32m INFO[0;39m [35m6835[0;39m [2m---[0;39m [2m[  restartedMain][0;39m [36mo.s.b.devtools.restart.ChangeableUrls   [0;39m [2m:[0;39m The Class-Path manifest attribute in /Users/liuyujun/.m2/repository/javax/mail/mail/1.4/mail-1.4.jar referenced one or more files that do not exist: file:/Users/liuyujun/.m2/repository/javax/mail/mail/1.4/activation.jar
[2m2025-04-15 21:04:25.983[0;39m [32m INFO[0;39m [35m6835[0;39m [2m---[0;39m [2m[  restartedMain][0;39m [36m.e.DevToolsPropertyDefaultsPostProcessor[0;39m [2m:[0;39m Devtools property defaults active! Set 'spring.devtools.add-properties' to 'false' to disable
[2m2025-04-15 21:04:25.983[0;39m [32m INFO[0;39m [35m6835[0;39m [2m---[0;39m [2m[  restartedMain][0;39m [36m.e.DevToolsPropertyDefaultsPostProcessor[0;39m [2m:[0;39m For additional web related logging consider setting the 'logging.level.web' property to 'DEBUG'
[2m2025-04-15 21:04:26.638[0;39m [32m INFO[0;39m [35m6835[0;39m [2m---[0;39m [2m[  restartedMain][0;39m [36mo.s.b.w.embedded.tomcat.TomcatWebServer [0;39m [2m:[0;39m Tomcat initialized with port 10010 (http)
[2m2025-04-15 21:04:26.645[0;39m [32m INFO[0;39m [35m6835[0;39m [2m---[0;39m [2m[  restartedMain][0;39m [36mo.a.coyote.http11.Http11NioProtocol     [0;39m [2m:[0;39m Initializing ProtocolHandler ["http-nio-10010"]
[2m2025-04-15 21:04:26.646[0;39m [32m INFO[0;39m [35m6835[0;39m [2m---[0;39m [2m[  restartedMain][0;39m [36mo.apache.catalina.core.StandardService  [0;39m [2m:[0;39m Starting service [Tomcat]
[2m2025-04-15 21:04:26.646[0;39m [32m INFO[0;39m [35m6835[0;39m [2m---[0;39m [2m[  restartedMain][0;39m [36mo.apache.catalina.core.StandardEngine   [0;39m [2m:[0;39m Starting Servlet engine: [Apache Tomcat/10.1.34]
[2m2025-04-15 21:04:26.668[0;39m [32m INFO[0;39m [35m6835[0;39m [2m---[0;39m [2m[  restartedMain][0;39m [36mo.a.c.c.C.[Tomcat].[localhost].[/]      [0;39m [2m:[0;39m Initializing Spring embedded WebApplicationContext
[2m2025-04-15 21:04:26.668[0;39m [32m INFO[0;39m [35m6835[0;39m [2m---[0;39m [2m[  restartedMain][0;39m [36mw.s.c.ServletWebServerApplicationContext[0;39m [2m:[0;39m Root WebApplicationContext: initialization completed in 684 ms
[2m2025-04-15 21:04:26.963[0;39m [32m INFO[0;39m [35m6835[0;39m [2m---[0;39m [2m[  restartedMain][0;39m [36mc.b.d.d.DynamicRoutingDataSource        [0;39m [2m:[0;39m dynamic-datasource - add a datasource named [order] success
[2m2025-04-15 21:04:26.964[0;39m [32m INFO[0;39m [35m6835[0;39m [2m---[0;39m [2m[  restartedMain][0;39m [36mc.b.d.d.DynamicRoutingDataSource        [0;39m [2m:[0;39m dynamic-datasource initial loaded [1] datasource,primary datasource named [order]
[2m2025-04-15 21:04:27.146[0;39m [32m INFO[0;39m [35m6835[0;39m [2m---[0;39m [2m[  restartedMain][0;39m [36mo.s.b.d.a.OptionalLiveReloadServer      [0;39m [2m:[0;39m LiveReload server is running on port 35729
[2m2025-04-15 21:04:27.157[0;39m [32m INFO[0;39m [35m6835[0;39m [2m---[0;39m [2m[  restartedMain][0;39m [36mo.a.coyote.http11.Http11NioProtocol     [0;39m [2m:[0;39m Starting ProtocolHandler ["http-nio-10010"]
[2m2025-04-15 21:04:27.162[0;39m [32m INFO[0;39m [35m6835[0;39m [2m---[0;39m [2m[  restartedMain][0;39m [36mo.s.b.w.embedded.tomcat.TomcatWebServer [0;39m [2m:[0;39m Tomcat started on port 10010 (http) with context path '/'
[2m2025-04-15 21:04:27.169[0;39m [32m INFO[0;39m [35m6835[0;39m [2m---[0;39m [2m[  restartedMain][0;39m [36mcn.thtns.test.auto.TestAutoApplication  [0;39m [2m:[0;39m Started TestAutoApplication in 1.473 seconds (process running for 2.821)
[2m2025-04-15 21:04:36.054[0;39m [32m INFO[0;39m [35m6835[0;39m [2m---[0;39m [2m[io-10010-exec-1][0;39m [36mo.a.c.c.C.[Tomcat].[localhost].[/]      [0;39m [2m:[0;39m Initializing Spring DispatcherServlet 'dispatcherServlet'
[2m2025-04-15 21:04:36.054[0;39m [32m INFO[0;39m [35m6835[0;39m [2m---[0;39m [2m[io-10010-exec-1][0;39m [36mo.s.web.servlet.DispatcherServlet       [0;39m [2m:[0;39m Initializing Servlet 'dispatcherServlet'
[2m2025-04-15 21:04:36.055[0;39m [32m INFO[0;39m [35m6835[0;39m [2m---[0;39m [2m[io-10010-exec-1][0;39m [36mo.s.web.servlet.DispatcherServlet       [0;39m [2m:[0;39m Completed initialization in 1 ms
[2m2025-04-15 21:05:56.745[0;39m [32m INFO[0;39m [35m6835[0;39m [2m---[0;39m [2m[io-10010-exec-1][0;39m [36mcn.thtns.test.auto.config.TokenManager  [0;39m [2m:[0;39m Token 未找到，为账号 18958125894 生成新 Token...
[2m2025-04-15 21:05:56.936[0;39m [32m INFO[0;39m [35m6835[0;39m [2m---[0;39m [2m[io-10010-exec-1][0;39m [36mcn.thtns.test.auto.config.TokenManager  [0;39m [2m:[0;39m 成功获取 BEARER_TOKEN for 18958125894: bearer eyJ0eXAiOiJKV1QiLCJhbGciOiJIUzI1NiJ9.eyJpYXQiOjE3NDQ3MjIzNTYsIm5iZiI6MTc0NDcyMjM1NSwiZXhwIjoxNzQ1MzI3MTU2LCJ1X2lkIjo0NzI2OSwidV90eXBlIjoyLCJjb21wYW55X2lkIjoyLCJpc3MiOiJkaWRpX3d6IiwiaXNfc3VwZXIiOjEsImlzX2FkbWluIjoxOSwibWluaV9zb3VyY2UiOiJ3eiIsImlzX3Nob3dfc2V0dGxlYWNjb3VudF9yZWNvcmQiOjB9.3V_PMJIk27NlQp6GCfnaJJ6bJaNqSs_Kll0xb1sqZtE
[2m2025-04-15 21:06:26.659[0;39m [32m INFO[0;39m [35m6835[0;39m [2m---[0;39m [2m[io-10010-exec-1][0;39m [36mc.t.t.auto.service.DeviceProfitService  [0;39m [2m:[0;39m 公司ID：2 账号：18958125894 正在对比数据
[2m2025-04-15 21:06:33.763[0;39m [31mERROR[0;39m [35m6835[0;39m [2m---[0;39m [2m[io-10010-exec-1][0;39m [36mo.a.c.c.C.[.[.[/].[dispatcherServlet]   [0;39m [2m:[0;39m Servlet.service() for servlet [dispatcherServlet] in context with path [] threw exception [Request processing failed: org.springframework.web.client.HttpClientErrorException$Unauthorized: 401 Unauthorized: "{"timestamp":1744722387,"message":"Error: token已失效","data":{"message":"token已失效"},"code":-9}"] with root cause

org.springframework.web.client.HttpClientErrorException$Unauthorized: 401 Unauthorized: "{"timestamp":1744722387,"message":"Error: token已失效","data":{"message":"token已失效"},"code":-9}"
	at org.springframework.web.client.HttpClientErrorException.create(HttpClientErrorException.java:106)
	at org.springframework.web.client.StatusHandler.lambda$defaultHandler$3(StatusHandler.java:86)
	at org.springframework.web.client.StatusHandler.handle(StatusHandler.java:146)
	at org.springframework.web.client.DefaultRestClient$DefaultResponseSpec.applyStatusHandlers(DefaultRestClient.java:826)
	at org.springframework.web.client.DefaultRestClient$DefaultResponseSpec.lambda$readBody$4(DefaultRestClient.java:815)
	at org.springframework.web.client.DefaultRestClient.readWithMessageConverters(DefaultRestClient.java:215)
	at org.springframework.web.client.DefaultRestClient$DefaultResponseSpec.readBody(DefaultRestClient.java:814)
	at org.springframework.web.client.DefaultRestClient$DefaultResponseSpec.lambda$body$0(DefaultRestClient.java:745)
	at org.springframework.web.client.DefaultRestClient$DefaultRequestBodyUriSpec.exchangeInternal(DefaultRestClient.java:574)
	at org.springframework.web.client.DefaultRestClient$DefaultRequestBodyUriSpec.exchange(DefaultRestClient.java:535)
	at org.springframework.web.client.RestClient$RequestHeadersSpec.exchange(RestClient.java:677)
	at org.springframework.web.client.DefaultRestClient$DefaultResponseSpec.executeAndExtract(DefaultRestClient.java:809)
	at org.springframework.web.client.DefaultRestClient$DefaultResponseSpec.body(DefaultRestClient.java:745)
	at cn.thtns.test.auto.service.OldProfitService.getApiResponse(OldProfitService.java:37)
	at cn.thtns.test.auto.service.OldProfitService.oldProfitRes(OldProfitService.java:28)
	at cn.thtns.test.auto.service.DeviceProfitService.lambda$profitComparison$0(DeviceProfitService.java:53)
	at java.base/java.util.ArrayList.forEach(ArrayList.java:1511)
	at cn.thtns.test.auto.service.DeviceProfitService.profitComparison(DeviceProfitService.java:45)
	at cn.thtns.test.auto.controller.DeviceProfitController.profitComparison(DeviceProfitController.java:32)
	at java.base/jdk.internal.reflect.NativeMethodAccessorImpl.invoke0(Native Method)
	at java.base/jdk.internal.reflect.NativeMethodAccessorImpl.invoke(NativeMethodAccessorImpl.java:77)
	at java.base/jdk.internal.reflect.DelegatingMethodAccessorImpl.invoke(DelegatingMethodAccessorImpl.java:43)
	at java.base/java.lang.reflect.Method.invoke(Method.java:568)
	at org.springframework.web.method.support.InvocableHandlerMethod.doInvoke(InvocableHandlerMethod.java:257)
	at org.springframework.web.method.support.InvocableHandlerMethod.invokeForRequest(InvocableHandlerMethod.java:190)
	at org.springframework.web.servlet.mvc.method.annotation.ServletInvocableHandlerMethod.invokeAndHandle(ServletInvocableHandlerMethod.java:118)
	at org.springframework.web.servlet.mvc.method.annotation.RequestMappingHandlerAdapter.invokeHandlerMethod(RequestMappingHandlerAdapter.java:986)
	at org.springframework.web.servlet.mvc.method.annotation.RequestMappingHandlerAdapter.handleInternal(RequestMappingHandlerAdapter.java:891)
	at org.springframework.web.servlet.mvc.method.AbstractHandlerMethodAdapter.handle(AbstractHandlerMethodAdapter.java:87)
	at org.springframework.web.servlet.DispatcherServlet.doDispatch(DispatcherServlet.java:1088)
	at org.springframework.web.servlet.DispatcherServlet.doService(DispatcherServlet.java:978)
	at org.springframework.web.servlet.FrameworkServlet.processRequest(FrameworkServlet.java:1014)
	at org.springframework.web.servlet.FrameworkServlet.doPost(FrameworkServlet.java:914)
	at jakarta.servlet.http.HttpServlet.service(HttpServlet.java:590)
	at org.springframework.web.servlet.FrameworkServlet.service(FrameworkServlet.java:885)
	at jakarta.servlet.http.HttpServlet.service(HttpServlet.java:658)
	at org.apache.catalina.core.ApplicationFilterChain.internalDoFilter(ApplicationFilterChain.java:195)
	at org.apache.catalina.core.ApplicationFilterChain.doFilter(ApplicationFilterChain.java:140)
	at org.apache.tomcat.websocket.server.WsFilter.doFilter(WsFilter.java:51)
	at org.apache.catalina.core.ApplicationFilterChain.internalDoFilter(ApplicationFilterChain.java:164)
	at org.apache.catalina.core.ApplicationFilterChain.doFilter(ApplicationFilterChain.java:140)
	at org.springframework.web.filter.RequestContextFilter.doFilterInternal(RequestContextFilter.java:100)
	at org.springframework.web.filter.OncePerRequestFilter.doFilter(OncePerRequestFilter.java:116)
	at org.apache.catalina.core.ApplicationFilterChain.internalDoFilter(ApplicationFilterChain.java:164)
	at org.apache.catalina.core.ApplicationFilterChain.doFilter(ApplicationFilterChain.java:140)
	at org.springframework.web.filter.FormContentFilter.doFilterInternal(FormContentFilter.java:93)
	at org.springframework.web.filter.OncePerRequestFilter.doFilter(OncePerRequestFilter.java:116)
	at org.apache.catalina.core.ApplicationFilterChain.internalDoFilter(ApplicationFilterChain.java:164)
	at org.apache.catalina.core.ApplicationFilterChain.doFilter(ApplicationFilterChain.java:140)
	at org.springframework.web.filter.CharacterEncodingFilter.doFilterInternal(CharacterEncodingFilter.java:201)
	at org.springframework.web.filter.OncePerRequestFilter.doFilter(OncePerRequestFilter.java:116)
	at org.apache.catalina.core.ApplicationFilterChain.internalDoFilter(ApplicationFilterChain.java:164)
	at org.apache.catalina.core.ApplicationFilterChain.doFilter(ApplicationFilterChain.java:140)
	at org.apache.catalina.core.StandardWrapperValve.invoke(StandardWrapperValve.java:167)
	at org.apache.catalina.core.StandardContextValve.invoke(StandardContextValve.java:90)
	at org.apache.catalina.authenticator.AuthenticatorBase.invoke(AuthenticatorBase.java:483)
	at org.apache.catalina.core.StandardHostValve.invoke(StandardHostValve.java:115)
	at org.apache.catalina.valves.ErrorReportValve.invoke(ErrorReportValve.java:93)
	at org.apache.catalina.core.StandardEngineValve.invoke(StandardEngineValve.java:74)
	at org.apache.catalina.connector.CoyoteAdapter.service(CoyoteAdapter.java:344)
	at org.apache.coyote.http11.Http11Processor.service(Http11Processor.java:397)
	at org.apache.coyote.AbstractProcessorLight.process(AbstractProcessorLight.java:63)
	at org.apache.coyote.AbstractProtocol$ConnectionHandler.process(AbstractProtocol.java:905)
	at org.apache.tomcat.util.net.NioEndpoint$SocketProcessor.doRun(NioEndpoint.java:1741)
	at org.apache.tomcat.util.net.SocketProcessorBase.run(SocketProcessorBase.java:52)
	at org.apache.tomcat.util.threads.ThreadPoolExecutor.runWorker(ThreadPoolExecutor.java:1190)
	at org.apache.tomcat.util.threads.ThreadPoolExecutor$Worker.run(ThreadPoolExecutor.java:659)
	at org.apache.tomcat.util.threads.TaskThread$WrappingRunnable.run(TaskThread.java:63)
	at java.base/java.lang.Thread.run(Thread.java:833)

[2m2025-04-15 21:07:19.088[0;39m [32m INFO[0;39m [35m6835[0;39m [2m---[0;39m [2m[ionShutdownHook][0;39m [36mo.s.b.w.e.tomcat.GracefulShutdown       [0;39m [2m:[0;39m Commencing graceful shutdown. Waiting for active requests to complete
[2m2025-04-15 21:07:21.100[0;39m [32m INFO[0;39m [35m6835[0;39m [2m---[0;39m [2m[tomcat-shutdown][0;39m [36mo.s.b.w.e.tomcat.GracefulShutdown       [0;39m [2m:[0;39m Graceful shutdown complete
[2m2025-04-15 21:07:21.106[0;39m [32m INFO[0;39m [35m6835[0;39m [2m---[0;39m [2m[ionShutdownHook][0;39m [36mc.b.d.d.DynamicRoutingDataSource        [0;39m [2m:[0;39m dynamic-datasource start closing ....
[2m2025-04-15 21:07:21.109[0;39m [32m INFO[0;39m [35m6835[0;39m [2m---[0;39m [2m[ionShutdownHook][0;39m [36mc.b.d.d.d.DefaultDataSourceDestroyer    [0;39m [2m:[0;39m dynamic-datasource close the datasource named [order] success,
[2m2025-04-15 21:07:21.109[0;39m [32m INFO[0;39m [35m6835[0;39m [2m---[0;39m [2m[ionShutdownHook][0;39m [36mc.b.d.d.DynamicRoutingDataSource        [0;39m [2m:[0;39m dynamic-datasource all closed success,bye
[2m2025-04-15 21:07:24.115[0;39m [32m INFO[0;39m [35m6863[0;39m [2m---[0;39m [2m[  restartedMain][0;39m [36mcn.thtns.test.auto.TestAutoApplication  [0;39m [2m:[0;39m Starting TestAutoApplication using Java 17.0.8.1 with PID 6863 (/Users/liuyujun/IdeaProjects/test-auto/target/classes started by liuyujun in /Users/liuyujun/IdeaProjects/test-auto)
[2m2025-04-15 21:07:24.115[0;39m [32m INFO[0;39m [35m6863[0;39m [2m---[0;39m [2m[  restartedMain][0;39m [36mcn.thtns.test.auto.TestAutoApplication  [0;39m [2m:[0;39m No active profile set, falling back to 1 default profile: "default"
[2m2025-04-15 21:07:24.139[0;39m [32m INFO[0;39m [35m6863[0;39m [2m---[0;39m [2m[  restartedMain][0;39m [36mo.s.b.devtools.restart.ChangeableUrls   [0;39m [2m:[0;39m The Class-Path manifest attribute in /Users/liuyujun/.m2/repository/javax/mail/mail/1.4/mail-1.4.jar referenced one or more files that do not exist: file:/Users/liuyujun/.m2/repository/javax/mail/mail/1.4/activation.jar
[2m2025-04-15 21:07:24.139[0;39m [32m INFO[0;39m [35m6863[0;39m [2m---[0;39m [2m[  restartedMain][0;39m [36m.e.DevToolsPropertyDefaultsPostProcessor[0;39m [2m:[0;39m Devtools property defaults active! Set 'spring.devtools.add-properties' to 'false' to disable
[2m2025-04-15 21:07:24.139[0;39m [32m INFO[0;39m [35m6863[0;39m [2m---[0;39m [2m[  restartedMain][0;39m [36m.e.DevToolsPropertyDefaultsPostProcessor[0;39m [2m:[0;39m For additional web related logging consider setting the 'logging.level.web' property to 'DEBUG'
[2m2025-04-15 21:07:24.686[0;39m [32m INFO[0;39m [35m6863[0;39m [2m---[0;39m [2m[  restartedMain][0;39m [36mo.s.b.w.embedded.tomcat.TomcatWebServer [0;39m [2m:[0;39m Tomcat initialized with port 10010 (http)
[2m2025-04-15 21:07:24.693[0;39m [32m INFO[0;39m [35m6863[0;39m [2m---[0;39m [2m[  restartedMain][0;39m [36mo.a.coyote.http11.Http11NioProtocol     [0;39m [2m:[0;39m Initializing ProtocolHandler ["http-nio-10010"]
[2m2025-04-15 21:07:24.694[0;39m [32m INFO[0;39m [35m6863[0;39m [2m---[0;39m [2m[  restartedMain][0;39m [36mo.apache.catalina.core.StandardService  [0;39m [2m:[0;39m Starting service [Tomcat]
[2m2025-04-15 21:07:24.694[0;39m [32m INFO[0;39m [35m6863[0;39m [2m---[0;39m [2m[  restartedMain][0;39m [36mo.apache.catalina.core.StandardEngine   [0;39m [2m:[0;39m Starting Servlet engine: [Apache Tomcat/10.1.34]
[2m2025-04-15 21:07:24.717[0;39m [32m INFO[0;39m [35m6863[0;39m [2m---[0;39m [2m[  restartedMain][0;39m [36mo.a.c.c.C.[Tomcat].[localhost].[/]      [0;39m [2m:[0;39m Initializing Spring embedded WebApplicationContext
[2m2025-04-15 21:07:24.717[0;39m [32m INFO[0;39m [35m6863[0;39m [2m---[0;39m [2m[  restartedMain][0;39m [36mw.s.c.ServletWebServerApplicationContext[0;39m [2m:[0;39m Root WebApplicationContext: initialization completed in 577 ms
[2m2025-04-15 21:07:24.991[0;39m [32m INFO[0;39m [35m6863[0;39m [2m---[0;39m [2m[  restartedMain][0;39m [36mc.b.d.d.DynamicRoutingDataSource        [0;39m [2m:[0;39m dynamic-datasource - add a datasource named [order] success
[2m2025-04-15 21:07:24.992[0;39m [32m INFO[0;39m [35m6863[0;39m [2m---[0;39m [2m[  restartedMain][0;39m [36mc.b.d.d.DynamicRoutingDataSource        [0;39m [2m:[0;39m dynamic-datasource initial loaded [1] datasource,primary datasource named [order]
[2m2025-04-15 21:07:25.165[0;39m [32m INFO[0;39m [35m6863[0;39m [2m---[0;39m [2m[  restartedMain][0;39m [36mo.s.b.d.a.OptionalLiveReloadServer      [0;39m [2m:[0;39m LiveReload server is running on port 35729
[2m2025-04-15 21:07:25.177[0;39m [32m INFO[0;39m [35m6863[0;39m [2m---[0;39m [2m[  restartedMain][0;39m [36mo.a.coyote.http11.Http11NioProtocol     [0;39m [2m:[0;39m Starting ProtocolHandler ["http-nio-10010"]
[2m2025-04-15 21:07:25.182[0;39m [32m INFO[0;39m [35m6863[0;39m [2m---[0;39m [2m[  restartedMain][0;39m [36mo.s.b.w.embedded.tomcat.TomcatWebServer [0;39m [2m:[0;39m Tomcat started on port 10010 (http) with context path '/'
[2m2025-04-15 21:07:25.189[0;39m [32m INFO[0;39m [35m6863[0;39m [2m---[0;39m [2m[  restartedMain][0;39m [36mcn.thtns.test.auto.TestAutoApplication  [0;39m [2m:[0;39m Started TestAutoApplication in 1.303 seconds (process running for 1.758)
[2m2025-04-15 21:07:39.331[0;39m [32m INFO[0;39m [35m6863[0;39m [2m---[0;39m [2m[io-10010-exec-2][0;39m [36mo.a.c.c.C.[Tomcat].[localhost].[/]      [0;39m [2m:[0;39m Initializing Spring DispatcherServlet 'dispatcherServlet'
[2m2025-04-15 21:07:39.332[0;39m [32m INFO[0;39m [35m6863[0;39m [2m---[0;39m [2m[io-10010-exec-2][0;39m [36mo.s.web.servlet.DispatcherServlet       [0;39m [2m:[0;39m Initializing Servlet 'dispatcherServlet'
[2m2025-04-15 21:07:39.333[0;39m [32m INFO[0;39m [35m6863[0;39m [2m---[0;39m [2m[io-10010-exec-2][0;39m [36mo.s.web.servlet.DispatcherServlet       [0;39m [2m:[0;39m Completed initialization in 1 ms
[2m2025-04-15 21:07:48.658[0;39m [32m INFO[0;39m [35m6863[0;39m [2m---[0;39m [2m[io-10010-exec-2][0;39m [36mcn.thtns.test.auto.config.TokenManager  [0;39m [2m:[0;39m Token 未找到，为账号 18958125894 生成新 Token...
[2m2025-04-15 21:07:48.812[0;39m [32m INFO[0;39m [35m6863[0;39m [2m---[0;39m [2m[io-10010-exec-2][0;39m [36mcn.thtns.test.auto.config.TokenManager  [0;39m [2m:[0;39m 成功获取 BEARER_TOKEN for 18958125894: bearer eyJ0eXAiOiJKV1QiLCJhbGciOiJIUzI1NiJ9.eyJpYXQiOjE3NDQ3MjI0NjgsIm5iZiI6MTc0NDcyMjQ2NywiZXhwIjoxNzQ1MzI3MjY4LCJ1X2lkIjo0NzI2OSwidV90eXBlIjoyLCJjb21wYW55X2lkIjoyLCJpc3MiOiJkaWRpX3d6IiwiaXNfc3VwZXIiOjEsImlzX2FkbWluIjoxOSwibWluaV9zb3VyY2UiOiJ3eiIsImlzX3Nob3dfc2V0dGxlYWNjb3VudF9yZWNvcmQiOjB9.YtGyIMOBvPSrmUFrIvbfSP74YGirh-fSgWuzhDI_2rw
[2m2025-04-15 21:07:49.244[0;39m [32m INFO[0;39m [35m6863[0;39m [2m---[0;39m [2m[io-10010-exec-2][0;39m [36mc.t.t.auto.service.DeviceProfitService  [0;39m [2m:[0;39m 公司ID：2 账号：18958125894 正在对比数据
[2m2025-04-15 21:10:37.797[0;39m [32m INFO[0;39m [35m6863[0;39m [2m---[0;39m [2m[   File Watcher][0;39m [36mrtingClassPathChangeChangedEventListener[0;39m [2m:[0;39m Restarting due to 1 class path change (0 additions, 0 deletions, 1 modification)
[2m2025-04-15 21:10:37.801[0;39m [32m INFO[0;39m [35m6863[0;39m [2m---[0;39m [2m[       Thread-5][0;39m [36mo.s.b.w.e.tomcat.GracefulShutdown       [0;39m [2m:[0;39m Commencing graceful shutdown. Waiting for active requests to complete
[2m2025-04-15 21:10:37.802[0;39m [32m INFO[0;39m [35m6863[0;39m [2m---[0;39m [2m[tomcat-shutdown][0;39m [36mo.a.coyote.http11.Http11NioProtocol     [0;39m [2m:[0;39m Pausing ProtocolHandler ["http-nio-10010"]
[2m2025-04-15 21:10:37.801[0;39m [31mERROR[0;39m [35m6863[0;39m [2m---[0;39m [2m[io-10010-exec-2][0;39m [36mo.a.c.c.C.[.[.[/].[dispatcherServlet]   [0;39m [2m:[0;39m Servlet.service() for servlet [dispatcherServlet] in context with path [] threw exception [Request processing failed: java.lang.IllegalArgumentException: 数据不足，需至少 8 条数据] with root cause

java.lang.IllegalArgumentException: 数据不足，需至少 8 条数据
	at cn.thtns.test.auto.service.DeviceProfitService.detectAnomaly(Unknown Source)
	at cn.thtns.test.auto.service.DeviceProfitService.compareProfitData(Unknown Source)
	at cn.thtns.test.auto.service.DeviceProfitService.verify(Unknown Source)
	at cn.thtns.test.auto.service.DeviceProfitService.lambda$profitComparison$0(Unknown Source)
	at java.base/java.util.ArrayList.forEach(ArrayList.java:1511)
	at cn.thtns.test.auto.service.DeviceProfitService.profitComparison(Unknown Source)
	at cn.thtns.test.auto.controller.DeviceProfitController.profitComparison(DeviceProfitController.java:32)
	at java.base/jdk.internal.reflect.NativeMethodAccessorImpl.invoke0(Native Method)
	at java.base/jdk.internal.reflect.NativeMethodAccessorImpl.invoke(NativeMethodAccessorImpl.java:77)
	at java.base/jdk.internal.reflect.DelegatingMethodAccessorImpl.invoke(DelegatingMethodAccessorImpl.java:43)
	at java.base/java.lang.reflect.Method.invoke(Method.java:568)
	at org.springframework.web.method.support.InvocableHandlerMethod.doInvoke(InvocableHandlerMethod.java:257)
	at org.springframework.web.method.support.InvocableHandlerMethod.invokeForRequest(InvocableHandlerMethod.java:190)
	at org.springframework.web.servlet.mvc.method.annotation.ServletInvocableHandlerMethod.invokeAndHandle(ServletInvocableHandlerMethod.java:118)
	at org.springframework.web.servlet.mvc.method.annotation.RequestMappingHandlerAdapter.invokeHandlerMethod(RequestMappingHandlerAdapter.java:986)
	at org.springframework.web.servlet.mvc.method.annotation.RequestMappingHandlerAdapter.handleInternal(RequestMappingHandlerAdapter.java:891)
	at org.springframework.web.servlet.mvc.method.AbstractHandlerMethodAdapter.handle(AbstractHandlerMethodAdapter.java:87)
	at org.springframework.web.servlet.DispatcherServlet.doDispatch(DispatcherServlet.java:1088)
	at org.springframework.web.servlet.DispatcherServlet.doService(DispatcherServlet.java:978)
	at org.springframework.web.servlet.FrameworkServlet.processRequest(FrameworkServlet.java:1014)
	at org.springframework.web.servlet.FrameworkServlet.doPost(FrameworkServlet.java:914)
	at jakarta.servlet.http.HttpServlet.service(HttpServlet.java:590)
	at org.springframework.web.servlet.FrameworkServlet.service(FrameworkServlet.java:885)
	at jakarta.servlet.http.HttpServlet.service(HttpServlet.java:658)
	at org.apache.catalina.core.ApplicationFilterChain.internalDoFilter(ApplicationFilterChain.java:195)
	at org.apache.catalina.core.ApplicationFilterChain.doFilter(ApplicationFilterChain.java:140)
	at org.apache.tomcat.websocket.server.WsFilter.doFilter(WsFilter.java:51)
	at org.apache.catalina.core.ApplicationFilterChain.internalDoFilter(ApplicationFilterChain.java:164)
	at org.apache.catalina.core.ApplicationFilterChain.doFilter(ApplicationFilterChain.java:140)
	at org.springframework.web.filter.RequestContextFilter.doFilterInternal(RequestContextFilter.java:100)
	at org.springframework.web.filter.OncePerRequestFilter.doFilter(OncePerRequestFilter.java:116)
	at org.apache.catalina.core.ApplicationFilterChain.internalDoFilter(ApplicationFilterChain.java:164)
	at org.apache.catalina.core.ApplicationFilterChain.doFilter(ApplicationFilterChain.java:140)
	at org.springframework.web.filter.FormContentFilter.doFilterInternal(FormContentFilter.java:93)
	at org.springframework.web.filter.OncePerRequestFilter.doFilter(OncePerRequestFilter.java:116)
	at org.apache.catalina.core.ApplicationFilterChain.internalDoFilter(ApplicationFilterChain.java:164)
	at org.apache.catalina.core.ApplicationFilterChain.doFilter(ApplicationFilterChain.java:140)
	at org.springframework.web.filter.CharacterEncodingFilter.doFilterInternal(CharacterEncodingFilter.java:201)
	at org.springframework.web.filter.OncePerRequestFilter.doFilter(OncePerRequestFilter.java:116)
	at org.apache.catalina.core.ApplicationFilterChain.internalDoFilter(ApplicationFilterChain.java:164)
	at org.apache.catalina.core.ApplicationFilterChain.doFilter(ApplicationFilterChain.java:140)
	at org.apache.catalina.core.StandardWrapperValve.invoke(StandardWrapperValve.java:167)
	at org.apache.catalina.core.StandardContextValve.invoke(StandardContextValve.java:90)
	at org.apache.catalina.authenticator.AuthenticatorBase.invoke(AuthenticatorBase.java:483)
	at org.apache.catalina.core.StandardHostValve.invoke(StandardHostValve.java:115)
	at org.apache.catalina.valves.ErrorReportValve.invoke(ErrorReportValve.java:93)
	at org.apache.catalina.core.StandardEngineValve.invoke(StandardEngineValve.java:74)
	at org.apache.catalina.connector.CoyoteAdapter.service(CoyoteAdapter.java:344)
	at org.apache.coyote.http11.Http11Processor.service(Http11Processor.java:397)
	at org.apache.coyote.AbstractProcessorLight.process(AbstractProcessorLight.java:63)
	at org.apache.coyote.AbstractProtocol$ConnectionHandler.process(AbstractProtocol.java:905)
	at org.apache.tomcat.util.net.NioEndpoint$SocketProcessor.doRun(NioEndpoint.java:1741)
	at org.apache.tomcat.util.net.SocketProcessorBase.run(SocketProcessorBase.java:52)
	at org.apache.tomcat.util.threads.ThreadPoolExecutor.runWorker(ThreadPoolExecutor.java:1190)
	at org.apache.tomcat.util.threads.ThreadPoolExecutor$Worker.run(ThreadPoolExecutor.java:659)
	at org.apache.tomcat.util.threads.TaskThread$WrappingRunnable.run(TaskThread.java:63)
	at java.base/java.lang.Thread.run(Thread.java:833)

[2m2025-04-15 21:10:37.845[0;39m [32m INFO[0;39m [35m6863[0;39m [2m---[0;39m [2m[       Thread-5][0;39m [36mc.b.d.d.DynamicRoutingDataSource        [0;39m [2m:[0;39m dynamic-datasource start closing ....
[2m2025-04-15 21:10:37.845[0;39m [32m INFO[0;39m [35m6863[0;39m [2m---[0;39m [2m[tomcat-shutdown][0;39m [36mo.s.b.w.e.tomcat.GracefulShutdown       [0;39m [2m:[0;39m Graceful shutdown aborted with one or more requests still active
[2m2025-04-15 21:10:37.846[0;39m [32m INFO[0;39m [35m6863[0;39m [2m---[0;39m [2m[       Thread-5][0;39m [36mc.b.d.d.d.DefaultDataSourceDestroyer    [0;39m [2m:[0;39m dynamic-datasource close the datasource named [order] success,
[2m2025-04-15 21:10:37.846[0;39m [32m INFO[0;39m [35m6863[0;39m [2m---[0;39m [2m[       Thread-5][0;39m [36mc.b.d.d.DynamicRoutingDataSource        [0;39m [2m:[0;39m dynamic-datasource all closed success,bye
[2m2025-04-15 21:10:39.864[0;39m [32m INFO[0;39m [35m6883[0;39m [2m---[0;39m [2m[  restartedMain][0;39m [36mcn.thtns.test.auto.TestAutoApplication  [0;39m [2m:[0;39m Starting TestAutoApplication using Java 17.0.8.1 with PID 6883 (/Users/liuyujun/IdeaProjects/test-auto/target/classes started by liuyujun in /Users/liuyujun/IdeaProjects/test-auto)
[2m2025-04-15 21:10:39.864[0;39m [32m INFO[0;39m [35m6883[0;39m [2m---[0;39m [2m[  restartedMain][0;39m [36mcn.thtns.test.auto.TestAutoApplication  [0;39m [2m:[0;39m No active profile set, falling back to 1 default profile: "default"
[2m2025-04-15 21:10:39.887[0;39m [32m INFO[0;39m [35m6883[0;39m [2m---[0;39m [2m[  restartedMain][0;39m [36mo.s.b.devtools.restart.ChangeableUrls   [0;39m [2m:[0;39m The Class-Path manifest attribute in /Users/liuyujun/.m2/repository/javax/mail/mail/1.4/mail-1.4.jar referenced one or more files that do not exist: file:/Users/liuyujun/.m2/repository/javax/mail/mail/1.4/activation.jar
[2m2025-04-15 21:10:39.887[0;39m [32m INFO[0;39m [35m6883[0;39m [2m---[0;39m [2m[  restartedMain][0;39m [36m.e.DevToolsPropertyDefaultsPostProcessor[0;39m [2m:[0;39m Devtools property defaults active! Set 'spring.devtools.add-properties' to 'false' to disable
[2m2025-04-15 21:10:39.887[0;39m [32m INFO[0;39m [35m6883[0;39m [2m---[0;39m [2m[  restartedMain][0;39m [36m.e.DevToolsPropertyDefaultsPostProcessor[0;39m [2m:[0;39m For additional web related logging consider setting the 'logging.level.web' property to 'DEBUG'
[2m2025-04-15 21:10:40.435[0;39m [32m INFO[0;39m [35m6883[0;39m [2m---[0;39m [2m[  restartedMain][0;39m [36mo.s.b.w.embedded.tomcat.TomcatWebServer [0;39m [2m:[0;39m Tomcat initialized with port 10010 (http)
[2m2025-04-15 21:10:40.441[0;39m [32m INFO[0;39m [35m6883[0;39m [2m---[0;39m [2m[  restartedMain][0;39m [36mo.a.coyote.http11.Http11NioProtocol     [0;39m [2m:[0;39m Initializing ProtocolHandler ["http-nio-10010"]
[2m2025-04-15 21:10:40.442[0;39m [32m INFO[0;39m [35m6883[0;39m [2m---[0;39m [2m[  restartedMain][0;39m [36mo.apache.catalina.core.StandardService  [0;39m [2m:[0;39m Starting service [Tomcat]
[2m2025-04-15 21:10:40.442[0;39m [32m INFO[0;39m [35m6883[0;39m [2m---[0;39m [2m[  restartedMain][0;39m [36mo.apache.catalina.core.StandardEngine   [0;39m [2m:[0;39m Starting Servlet engine: [Apache Tomcat/10.1.34]
[2m2025-04-15 21:10:40.464[0;39m [32m INFO[0;39m [35m6883[0;39m [2m---[0;39m [2m[  restartedMain][0;39m [36mo.a.c.c.C.[Tomcat].[localhost].[/]      [0;39m [2m:[0;39m Initializing Spring embedded WebApplicationContext
[2m2025-04-15 21:10:40.465[0;39m [32m INFO[0;39m [35m6883[0;39m [2m---[0;39m [2m[  restartedMain][0;39m [36mw.s.c.ServletWebServerApplicationContext[0;39m [2m:[0;39m Root WebApplicationContext: initialization completed in 577 ms
[2m2025-04-15 21:10:40.737[0;39m [32m INFO[0;39m [35m6883[0;39m [2m---[0;39m [2m[  restartedMain][0;39m [36mc.b.d.d.DynamicRoutingDataSource        [0;39m [2m:[0;39m dynamic-datasource - add a datasource named [order] success
[2m2025-04-15 21:10:40.738[0;39m [32m INFO[0;39m [35m6883[0;39m [2m---[0;39m [2m[  restartedMain][0;39m [36mc.b.d.d.DynamicRoutingDataSource        [0;39m [2m:[0;39m dynamic-datasource initial loaded [1] datasource,primary datasource named [order]
[2m2025-04-15 21:10:40.912[0;39m [32m INFO[0;39m [35m6883[0;39m [2m---[0;39m [2m[  restartedMain][0;39m [36mo.s.b.d.a.OptionalLiveReloadServer      [0;39m [2m:[0;39m LiveReload server is running on port 35729
[2m2025-04-15 21:10:40.923[0;39m [32m INFO[0;39m [35m6883[0;39m [2m---[0;39m [2m[  restartedMain][0;39m [36mo.a.coyote.http11.Http11NioProtocol     [0;39m [2m:[0;39m Starting ProtocolHandler ["http-nio-10010"]
[2m2025-04-15 21:10:40.928[0;39m [32m INFO[0;39m [35m6883[0;39m [2m---[0;39m [2m[  restartedMain][0;39m [36mo.s.b.w.embedded.tomcat.TomcatWebServer [0;39m [2m:[0;39m Tomcat started on port 10010 (http) with context path '/'
[2m2025-04-15 21:10:40.934[0;39m [32m INFO[0;39m [35m6883[0;39m [2m---[0;39m [2m[  restartedMain][0;39m [36mcn.thtns.test.auto.TestAutoApplication  [0;39m [2m:[0;39m Started TestAutoApplication in 1.544 seconds (process running for 2.087)
[2m2025-04-15 21:10:48.101[0;39m [32m INFO[0;39m [35m6883[0;39m [2m---[0;39m [2m[io-10010-exec-1][0;39m [36mo.a.c.c.C.[Tomcat].[localhost].[/]      [0;39m [2m:[0;39m Initializing Spring DispatcherServlet 'dispatcherServlet'
[2m2025-04-15 21:10:48.101[0;39m [32m INFO[0;39m [35m6883[0;39m [2m---[0;39m [2m[io-10010-exec-1][0;39m [36mo.s.web.servlet.DispatcherServlet       [0;39m [2m:[0;39m Initializing Servlet 'dispatcherServlet'
[2m2025-04-15 21:10:48.102[0;39m [32m INFO[0;39m [35m6883[0;39m [2m---[0;39m [2m[io-10010-exec-1][0;39m [36mo.s.web.servlet.DispatcherServlet       [0;39m [2m:[0;39m Completed initialization in 1 ms
[2m2025-04-15 21:10:55.548[0;39m [32m INFO[0;39m [35m6883[0;39m [2m---[0;39m [2m[io-10010-exec-1][0;39m [36mcn.thtns.test.auto.config.TokenManager  [0;39m [2m:[0;39m Token 未找到，为账号 18958125894 生成新 Token...
[2m2025-04-15 21:10:55.693[0;39m [32m INFO[0;39m [35m6883[0;39m [2m---[0;39m [2m[io-10010-exec-1][0;39m [36mcn.thtns.test.auto.config.TokenManager  [0;39m [2m:[0;39m 成功获取 BEARER_TOKEN for 18958125894: bearer eyJ0eXAiOiJKV1QiLCJhbGciOiJIUzI1NiJ9.eyJpYXQiOjE3NDQ3MjI2NTUsIm5iZiI6MTc0NDcyMjY1NCwiZXhwIjoxNzQ1MzI3NDU1LCJ1X2lkIjo0NzI2OSwidV90eXBlIjoyLCJjb21wYW55X2lkIjoyLCJpc3MiOiJkaWRpX3d6IiwiaXNfc3VwZXIiOjEsImlzX2FkbWluIjoxOSwibWluaV9zb3VyY2UiOiJ3eiIsImlzX3Nob3dfc2V0dGxlYWNjb3VudF9yZWNvcmQiOjB9.gZJy96T7D9fA7xZMsdFFHRO7HtQI5h9h8dwNjLWXWig
[2m2025-04-15 21:10:55.693[0;39m [32m INFO[0;39m [35m6883[0;39m [2m---[0;39m [2m[io-10010-exec-1][0;39m [36mc.t.t.auto.service.DeviceProfitService  [0;39m [2m:[0;39m 公司ID：2 账号：18958125894 正在对比数据
[2m2025-04-15 21:14:30.940[0;39m [31mERROR[0;39m [35m6883[0;39m [2m---[0;39m [2m[io-10010-exec-1][0;39m [36mo.a.c.c.C.[.[.[/].[dispatcherServlet]   [0;39m [2m:[0;39m Servlet.service() for servlet [dispatcherServlet] in context with path [] threw exception [Request processing failed: java.lang.IllegalArgumentException: 时间粒度不一致] with root cause

java.lang.IllegalArgumentException: 时间粒度不一致
	at cn.thtns.test.auto.service.DeviceProfitService.detectAnomaly(DeviceProfitService.java:146)
	at cn.thtns.test.auto.service.DeviceProfitService.compareProfitData(DeviceProfitService.java:194)
	at cn.thtns.test.auto.service.DeviceProfitService.verify(DeviceProfitService.java:214)
	at cn.thtns.test.auto.service.DeviceProfitService.lambda$profitComparison$0(DeviceProfitService.java:56)
	at java.base/java.util.ArrayList.forEach(ArrayList.java:1511)
	at cn.thtns.test.auto.service.DeviceProfitService.profitComparison(DeviceProfitService.java:45)
	at cn.thtns.test.auto.controller.DeviceProfitController.profitComparison(DeviceProfitController.java:32)
	at java.base/jdk.internal.reflect.NativeMethodAccessorImpl.invoke0(Native Method)
	at java.base/jdk.internal.reflect.NativeMethodAccessorImpl.invoke(NativeMethodAccessorImpl.java:77)
	at java.base/jdk.internal.reflect.DelegatingMethodAccessorImpl.invoke(DelegatingMethodAccessorImpl.java:43)
	at java.base/java.lang.reflect.Method.invoke(Method.java:568)
	at org.springframework.web.method.support.InvocableHandlerMethod.doInvoke(InvocableHandlerMethod.java:257)
	at org.springframework.web.method.support.InvocableHandlerMethod.invokeForRequest(InvocableHandlerMethod.java:190)
	at org.springframework.web.servlet.mvc.method.annotation.ServletInvocableHandlerMethod.invokeAndHandle(ServletInvocableHandlerMethod.java:118)
	at org.springframework.web.servlet.mvc.method.annotation.RequestMappingHandlerAdapter.invokeHandlerMethod(RequestMappingHandlerAdapter.java:986)
	at org.springframework.web.servlet.mvc.method.annotation.RequestMappingHandlerAdapter.handleInternal(RequestMappingHandlerAdapter.java:891)
	at org.springframework.web.servlet.mvc.method.AbstractHandlerMethodAdapter.handle(AbstractHandlerMethodAdapter.java:87)
	at org.springframework.web.servlet.DispatcherServlet.doDispatch(DispatcherServlet.java:1088)
	at org.springframework.web.servlet.DispatcherServlet.doService(DispatcherServlet.java:978)
	at org.springframework.web.servlet.FrameworkServlet.processRequest(FrameworkServlet.java:1014)
	at org.springframework.web.servlet.FrameworkServlet.doPost(FrameworkServlet.java:914)
	at jakarta.servlet.http.HttpServlet.service(HttpServlet.java:590)
	at org.springframework.web.servlet.FrameworkServlet.service(FrameworkServlet.java:885)
	at jakarta.servlet.http.HttpServlet.service(HttpServlet.java:658)
	at org.apache.catalina.core.ApplicationFilterChain.internalDoFilter(ApplicationFilterChain.java:195)
	at org.apache.catalina.core.ApplicationFilterChain.doFilter(ApplicationFilterChain.java:140)
	at org.apache.tomcat.websocket.server.WsFilter.doFilter(WsFilter.java:51)
	at org.apache.catalina.core.ApplicationFilterChain.internalDoFilter(ApplicationFilterChain.java:164)
	at org.apache.catalina.core.ApplicationFilterChain.doFilter(ApplicationFilterChain.java:140)
	at org.springframework.web.filter.RequestContextFilter.doFilterInternal(RequestContextFilter.java:100)
	at org.springframework.web.filter.OncePerRequestFilter.doFilter(OncePerRequestFilter.java:116)
	at org.apache.catalina.core.ApplicationFilterChain.internalDoFilter(ApplicationFilterChain.java:164)
	at org.apache.catalina.core.ApplicationFilterChain.doFilter(ApplicationFilterChain.java:140)
	at org.springframework.web.filter.FormContentFilter.doFilterInternal(FormContentFilter.java:93)
	at org.springframework.web.filter.OncePerRequestFilter.doFilter(OncePerRequestFilter.java:116)
	at org.apache.catalina.core.ApplicationFilterChain.internalDoFilter(ApplicationFilterChain.java:164)
	at org.apache.catalina.core.ApplicationFilterChain.doFilter(ApplicationFilterChain.java:140)
	at org.springframework.web.filter.CharacterEncodingFilter.doFilterInternal(CharacterEncodingFilter.java:201)
	at org.springframework.web.filter.OncePerRequestFilter.doFilter(OncePerRequestFilter.java:116)
	at org.apache.catalina.core.ApplicationFilterChain.internalDoFilter(ApplicationFilterChain.java:164)
	at org.apache.catalina.core.ApplicationFilterChain.doFilter(ApplicationFilterChain.java:140)
	at org.apache.catalina.core.StandardWrapperValve.invoke(StandardWrapperValve.java:167)
	at org.apache.catalina.core.StandardContextValve.invoke(StandardContextValve.java:90)
	at org.apache.catalina.authenticator.AuthenticatorBase.invoke(AuthenticatorBase.java:483)
	at org.apache.catalina.core.StandardHostValve.invoke(StandardHostValve.java:115)
	at org.apache.catalina.valves.ErrorReportValve.invoke(ErrorReportValve.java:93)
	at org.apache.catalina.core.StandardEngineValve.invoke(StandardEngineValve.java:74)
	at org.apache.catalina.connector.CoyoteAdapter.service(CoyoteAdapter.java:344)
	at org.apache.coyote.http11.Http11Processor.service(Http11Processor.java:397)
	at org.apache.coyote.AbstractProcessorLight.process(AbstractProcessorLight.java:63)
	at org.apache.coyote.AbstractProtocol$ConnectionHandler.process(AbstractProtocol.java:905)
	at org.apache.tomcat.util.net.NioEndpoint$SocketProcessor.doRun(NioEndpoint.java:1741)
	at org.apache.tomcat.util.net.SocketProcessorBase.run(SocketProcessorBase.java:52)
	at org.apache.tomcat.util.threads.ThreadPoolExecutor.runWorker(ThreadPoolExecutor.java:1190)
	at org.apache.tomcat.util.threads.ThreadPoolExecutor$Worker.run(ThreadPoolExecutor.java:659)
	at org.apache.tomcat.util.threads.TaskThread$WrappingRunnable.run(TaskThread.java:63)
	at java.base/java.lang.Thread.run(Thread.java:833)

[2m2025-04-15 21:14:30.976[0;39m [32m INFO[0;39m [35m6883[0;39m [2m---[0;39m [2m[ionShutdownHook][0;39m [36mo.s.b.w.e.tomcat.GracefulShutdown       [0;39m [2m:[0;39m Commencing graceful shutdown. Waiting for active requests to complete
[2m2025-04-15 21:14:32.987[0;39m [32m INFO[0;39m [35m6883[0;39m [2m---[0;39m [2m[tomcat-shutdown][0;39m [36mo.s.b.w.e.tomcat.GracefulShutdown       [0;39m [2m:[0;39m Graceful shutdown complete
[2m2025-04-15 21:14:32.992[0;39m [32m INFO[0;39m [35m6883[0;39m [2m---[0;39m [2m[ionShutdownHook][0;39m [36mc.b.d.d.DynamicRoutingDataSource        [0;39m [2m:[0;39m dynamic-datasource start closing ....
[2m2025-04-15 21:14:32.994[0;39m [32m INFO[0;39m [35m6883[0;39m [2m---[0;39m [2m[ionShutdownHook][0;39m [36mc.b.d.d.d.DefaultDataSourceDestroyer    [0;39m [2m:[0;39m dynamic-datasource close the datasource named [order] success,
[2m2025-04-15 21:14:32.994[0;39m [32m INFO[0;39m [35m6883[0;39m [2m---[0;39m [2m[ionShutdownHook][0;39m [36mc.b.d.d.DynamicRoutingDataSource        [0;39m [2m:[0;39m dynamic-datasource all closed success,bye
[2m2025-04-15 21:14:36.280[0;39m [32m INFO[0;39m [35m6915[0;39m [2m---[0;39m [2m[  restartedMain][0;39m [36mcn.thtns.test.auto.TestAutoApplication  [0;39m [2m:[0;39m Starting TestAutoApplication using Java 17.0.8.1 with PID 6915 (/Users/liuyujun/IdeaProjects/test-auto/target/classes started by liuyujun in /Users/liuyujun/IdeaProjects/test-auto)
[2m2025-04-15 21:14:36.280[0;39m [32m INFO[0;39m [35m6915[0;39m [2m---[0;39m [2m[  restartedMain][0;39m [36mcn.thtns.test.auto.TestAutoApplication  [0;39m [2m:[0;39m No active profile set, falling back to 1 default profile: "default"
[2m2025-04-15 21:14:36.304[0;39m [32m INFO[0;39m [35m6915[0;39m [2m---[0;39m [2m[  restartedMain][0;39m [36mo.s.b.devtools.restart.ChangeableUrls   [0;39m [2m:[0;39m The Class-Path manifest attribute in /Users/liuyujun/.m2/repository/javax/mail/mail/1.4/mail-1.4.jar referenced one or more files that do not exist: file:/Users/liuyujun/.m2/repository/javax/mail/mail/1.4/activation.jar
[2m2025-04-15 21:14:36.304[0;39m [32m INFO[0;39m [35m6915[0;39m [2m---[0;39m [2m[  restartedMain][0;39m [36m.e.DevToolsPropertyDefaultsPostProcessor[0;39m [2m:[0;39m Devtools property defaults active! Set 'spring.devtools.add-properties' to 'false' to disable
[2m2025-04-15 21:14:36.304[0;39m [32m INFO[0;39m [35m6915[0;39m [2m---[0;39m [2m[  restartedMain][0;39m [36m.e.DevToolsPropertyDefaultsPostProcessor[0;39m [2m:[0;39m For additional web related logging consider setting the 'logging.level.web' property to 'DEBUG'
[2m2025-04-15 21:14:36.842[0;39m [32m INFO[0;39m [35m6915[0;39m [2m---[0;39m [2m[  restartedMain][0;39m [36mo.s.b.w.embedded.tomcat.TomcatWebServer [0;39m [2m:[0;39m Tomcat initialized with port 10010 (http)
[2m2025-04-15 21:14:36.848[0;39m [32m INFO[0;39m [35m6915[0;39m [2m---[0;39m [2m[  restartedMain][0;39m [36mo.a.coyote.http11.Http11NioProtocol     [0;39m [2m:[0;39m Initializing ProtocolHandler ["http-nio-10010"]
[2m2025-04-15 21:14:36.849[0;39m [32m INFO[0;39m [35m6915[0;39m [2m---[0;39m [2m[  restartedMain][0;39m [36mo.apache.catalina.core.StandardService  [0;39m [2m:[0;39m Starting service [Tomcat]
[2m2025-04-15 21:14:36.849[0;39m [32m INFO[0;39m [35m6915[0;39m [2m---[0;39m [2m[  restartedMain][0;39m [36mo.apache.catalina.core.StandardEngine   [0;39m [2m:[0;39m Starting Servlet engine: [Apache Tomcat/10.1.34]
[2m2025-04-15 21:14:36.872[0;39m [32m INFO[0;39m [35m6915[0;39m [2m---[0;39m [2m[  restartedMain][0;39m [36mo.a.c.c.C.[Tomcat].[localhost].[/]      [0;39m [2m:[0;39m Initializing Spring embedded WebApplicationContext
[2m2025-04-15 21:14:36.872[0;39m [32m INFO[0;39m [35m6915[0;39m [2m---[0;39m [2m[  restartedMain][0;39m [36mw.s.c.ServletWebServerApplicationContext[0;39m [2m:[0;39m Root WebApplicationContext: initialization completed in 567 ms
[2m2025-04-15 21:14:37.152[0;39m [32m INFO[0;39m [35m6915[0;39m [2m---[0;39m [2m[  restartedMain][0;39m [36mc.b.d.d.DynamicRoutingDataSource        [0;39m [2m:[0;39m dynamic-datasource - add a datasource named [order] success
[2m2025-04-15 21:14:37.152[0;39m [32m INFO[0;39m [35m6915[0;39m [2m---[0;39m [2m[  restartedMain][0;39m [36mc.b.d.d.DynamicRoutingDataSource        [0;39m [2m:[0;39m dynamic-datasource initial loaded [1] datasource,primary datasource named [order]
[2m2025-04-15 21:14:37.348[0;39m [32m INFO[0;39m [35m6915[0;39m [2m---[0;39m [2m[  restartedMain][0;39m [36mo.s.b.d.a.OptionalLiveReloadServer      [0;39m [2m:[0;39m LiveReload server is running on port 35729
[2m2025-04-15 21:14:37.362[0;39m [32m INFO[0;39m [35m6915[0;39m [2m---[0;39m [2m[  restartedMain][0;39m [36mo.a.coyote.http11.Http11NioProtocol     [0;39m [2m:[0;39m Starting ProtocolHandler ["http-nio-10010"]
[2m2025-04-15 21:14:37.368[0;39m [32m INFO[0;39m [35m6915[0;39m [2m---[0;39m [2m[  restartedMain][0;39m [36mo.s.b.w.embedded.tomcat.TomcatWebServer [0;39m [2m:[0;39m Tomcat started on port 10010 (http) with context path '/'
[2m2025-04-15 21:14:37.376[0;39m [32m INFO[0;39m [35m6915[0;39m [2m---[0;39m [2m[  restartedMain][0;39m [36mcn.thtns.test.auto.TestAutoApplication  [0;39m [2m:[0;39m Started TestAutoApplication in 1.326 seconds (process running for 1.882)
[2m2025-04-15 21:14:54.972[0;39m [32m INFO[0;39m [35m6915[0;39m [2m---[0;39m [2m[io-10010-exec-1][0;39m [36mo.a.c.c.C.[Tomcat].[localhost].[/]      [0;39m [2m:[0;39m Initializing Spring DispatcherServlet 'dispatcherServlet'
[2m2025-04-15 21:14:54.972[0;39m [32m INFO[0;39m [35m6915[0;39m [2m---[0;39m [2m[io-10010-exec-1][0;39m [36mo.s.web.servlet.DispatcherServlet       [0;39m [2m:[0;39m Initializing Servlet 'dispatcherServlet'
[2m2025-04-15 21:14:54.973[0;39m [32m INFO[0;39m [35m6915[0;39m [2m---[0;39m [2m[io-10010-exec-1][0;39m [36mo.s.web.servlet.DispatcherServlet       [0;39m [2m:[0;39m Completed initialization in 0 ms
[2m2025-04-15 21:15:09.660[0;39m [32m INFO[0;39m [35m6915[0;39m [2m---[0;39m [2m[io-10010-exec-1][0;39m [36mcn.thtns.test.auto.config.TokenManager  [0;39m [2m:[0;39m Token 未找到，为账号 18958125894 生成新 Token...
[2m2025-04-15 21:15:09.803[0;39m [32m INFO[0;39m [35m6915[0;39m [2m---[0;39m [2m[io-10010-exec-1][0;39m [36mcn.thtns.test.auto.config.TokenManager  [0;39m [2m:[0;39m 成功获取 BEARER_TOKEN for 18958125894: bearer eyJ0eXAiOiJKV1QiLCJhbGciOiJIUzI1NiJ9.eyJpYXQiOjE3NDQ3MjI5MDksIm5iZiI6MTc0NDcyMjkwOCwiZXhwIjoxNzQ1MzI3NzA5LCJ1X2lkIjo0NzI2OSwidV90eXBlIjoyLCJjb21wYW55X2lkIjoyLCJpc3MiOiJkaWRpX3d6IiwiaXNfc3VwZXIiOjEsImlzX2FkbWluIjoxOSwibWluaV9zb3VyY2UiOiJ3eiIsImlzX3Nob3dfc2V0dGxlYWNjb3VudF9yZWNvcmQiOjB9.Qt3SeYynyIVK_zyeVxXuWUpp7kUzZUXJI1e-vftII_c
[2m2025-04-15 21:15:09.804[0;39m [32m INFO[0;39m [35m6915[0;39m [2m---[0;39m [2m[io-10010-exec-1][0;39m [36mc.t.t.auto.service.DeviceProfitService  [0;39m [2m:[0;39m 公司ID：2 账号：18958125894 正在对比数据
[2m2025-04-15 21:16:37.085[0;39m [31mERROR[0;39m [35m6915[0;39m [2m---[0;39m [2m[io-10010-exec-1][0;39m [36mo.a.c.c.C.[.[.[/].[dispatcherServlet]   [0;39m [2m:[0;39m Servlet.service() for servlet [dispatcherServlet] in context with path [] threw exception [Request processing failed: java.lang.IndexOutOfBoundsException: Index 7 out of bounds for length 7] with root cause

java.lang.IndexOutOfBoundsException: Index 7 out of bounds for length 7
	at java.base/jdk.internal.util.Preconditions.outOfBounds(Preconditions.java:64)
	at java.base/jdk.internal.util.Preconditions.outOfBoundsCheckIndex(Preconditions.java:70)
	at java.base/jdk.internal.util.Preconditions.checkIndex(Preconditions.java:266)
	at java.base/java.util.Objects.checkIndex(Objects.java:361)
	at java.base/java.util.ArrayList.get(ArrayList.java:427)
	at cn.thtns.test.auto.service.DeviceProfitService.detectAnomaly(DeviceProfitService.java:152)
	at cn.thtns.test.auto.service.DeviceProfitService.compareProfitData(DeviceProfitService.java:196)
	at cn.thtns.test.auto.service.DeviceProfitService.verify(DeviceProfitService.java:216)
	at cn.thtns.test.auto.service.DeviceProfitService.lambda$profitComparison$0(DeviceProfitService.java:56)
	at java.base/java.util.ArrayList.forEach(ArrayList.java:1511)
	at cn.thtns.test.auto.service.DeviceProfitService.profitComparison(DeviceProfitService.java:45)
	at cn.thtns.test.auto.controller.DeviceProfitController.profitComparison(DeviceProfitController.java:32)
	at java.base/jdk.internal.reflect.NativeMethodAccessorImpl.invoke0(Native Method)
	at java.base/jdk.internal.reflect.NativeMethodAccessorImpl.invoke(NativeMethodAccessorImpl.java:77)
	at java.base/jdk.internal.reflect.DelegatingMethodAccessorImpl.invoke(DelegatingMethodAccessorImpl.java:43)
	at java.base/java.lang.reflect.Method.invoke(Method.java:568)
	at org.springframework.web.method.support.InvocableHandlerMethod.doInvoke(InvocableHandlerMethod.java:257)
	at org.springframework.web.method.support.InvocableHandlerMethod.invokeForRequest(InvocableHandlerMethod.java:190)
	at org.springframework.web.servlet.mvc.method.annotation.ServletInvocableHandlerMethod.invokeAndHandle(ServletInvocableHandlerMethod.java:118)
	at org.springframework.web.servlet.mvc.method.annotation.RequestMappingHandlerAdapter.invokeHandlerMethod(RequestMappingHandlerAdapter.java:986)
	at org.springframework.web.servlet.mvc.method.annotation.RequestMappingHandlerAdapter.handleInternal(RequestMappingHandlerAdapter.java:891)
	at org.springframework.web.servlet.mvc.method.AbstractHandlerMethodAdapter.handle(AbstractHandlerMethodAdapter.java:87)
	at org.springframework.web.servlet.DispatcherServlet.doDispatch(DispatcherServlet.java:1088)
	at org.springframework.web.servlet.DispatcherServlet.doService(DispatcherServlet.java:978)
	at org.springframework.web.servlet.FrameworkServlet.processRequest(FrameworkServlet.java:1014)
	at org.springframework.web.servlet.FrameworkServlet.doPost(FrameworkServlet.java:914)
	at jakarta.servlet.http.HttpServlet.service(HttpServlet.java:590)
	at org.springframework.web.servlet.FrameworkServlet.service(FrameworkServlet.java:885)
	at jakarta.servlet.http.HttpServlet.service(HttpServlet.java:658)
	at org.apache.catalina.core.ApplicationFilterChain.internalDoFilter(ApplicationFilterChain.java:195)
	at org.apache.catalina.core.ApplicationFilterChain.doFilter(ApplicationFilterChain.java:140)
	at org.apache.tomcat.websocket.server.WsFilter.doFilter(WsFilter.java:51)
	at org.apache.catalina.core.ApplicationFilterChain.internalDoFilter(ApplicationFilterChain.java:164)
	at org.apache.catalina.core.ApplicationFilterChain.doFilter(ApplicationFilterChain.java:140)
	at org.springframework.web.filter.RequestContextFilter.doFilterInternal(RequestContextFilter.java:100)
	at org.springframework.web.filter.OncePerRequestFilter.doFilter(OncePerRequestFilter.java:116)
	at org.apache.catalina.core.ApplicationFilterChain.internalDoFilter(ApplicationFilterChain.java:164)
	at org.apache.catalina.core.ApplicationFilterChain.doFilter(ApplicationFilterChain.java:140)
	at org.springframework.web.filter.FormContentFilter.doFilterInternal(FormContentFilter.java:93)
	at org.springframework.web.filter.OncePerRequestFilter.doFilter(OncePerRequestFilter.java:116)
	at org.apache.catalina.core.ApplicationFilterChain.internalDoFilter(ApplicationFilterChain.java:164)
	at org.apache.catalina.core.ApplicationFilterChain.doFilter(ApplicationFilterChain.java:140)
	at org.springframework.web.filter.CharacterEncodingFilter.doFilterInternal(CharacterEncodingFilter.java:201)
	at org.springframework.web.filter.OncePerRequestFilter.doFilter(OncePerRequestFilter.java:116)
	at org.apache.catalina.core.ApplicationFilterChain.internalDoFilter(ApplicationFilterChain.java:164)
	at org.apache.catalina.core.ApplicationFilterChain.doFilter(ApplicationFilterChain.java:140)
	at org.apache.catalina.core.StandardWrapperValve.invoke(StandardWrapperValve.java:167)
	at org.apache.catalina.core.StandardContextValve.invoke(StandardContextValve.java:90)
	at org.apache.catalina.authenticator.AuthenticatorBase.invoke(AuthenticatorBase.java:483)
	at org.apache.catalina.core.StandardHostValve.invoke(StandardHostValve.java:115)
	at org.apache.catalina.valves.ErrorReportValve.invoke(ErrorReportValve.java:93)
	at org.apache.catalina.core.StandardEngineValve.invoke(StandardEngineValve.java:74)
	at org.apache.catalina.connector.CoyoteAdapter.service(CoyoteAdapter.java:344)
	at org.apache.coyote.http11.Http11Processor.service(Http11Processor.java:397)
	at org.apache.coyote.AbstractProcessorLight.process(AbstractProcessorLight.java:63)
	at org.apache.coyote.AbstractProtocol$ConnectionHandler.process(AbstractProtocol.java:905)
	at org.apache.tomcat.util.net.NioEndpoint$SocketProcessor.doRun(NioEndpoint.java:1741)
	at org.apache.tomcat.util.net.SocketProcessorBase.run(SocketProcessorBase.java:52)
	at org.apache.tomcat.util.threads.ThreadPoolExecutor.runWorker(ThreadPoolExecutor.java:1190)
	at org.apache.tomcat.util.threads.ThreadPoolExecutor$Worker.run(ThreadPoolExecutor.java:659)
	at org.apache.tomcat.util.threads.TaskThread$WrappingRunnable.run(TaskThread.java:63)
	at java.base/java.lang.Thread.run(Thread.java:833)

[2m2025-04-15 21:18:04.845[0;39m [32m INFO[0;39m [35m6915[0;39m [2m---[0;39m [2m[   File Watcher][0;39m [36mrtingClassPathChangeChangedEventListener[0;39m [2m:[0;39m Restarting due to 1 class path change (0 additions, 0 deletions, 1 modification)
[2m2025-04-15 21:18:04.855[0;39m [32m INFO[0;39m [35m6915[0;39m [2m---[0;39m [2m[       Thread-5][0;39m [36mo.s.b.w.e.tomcat.GracefulShutdown       [0;39m [2m:[0;39m Commencing graceful shutdown. Waiting for active requests to complete
[2m2025-04-15 21:18:04.872[0;39m [32m INFO[0;39m [35m6915[0;39m [2m---[0;39m [2m[tomcat-shutdown][0;39m [36mo.a.coyote.http11.Http11NioProtocol     [0;39m [2m:[0;39m Pausing ProtocolHandler ["http-nio-10010"]
[2m2025-04-15 21:18:06.887[0;39m [32m INFO[0;39m [35m6915[0;39m [2m---[0;39m [2m[tomcat-shutdown][0;39m [36mo.s.b.w.e.tomcat.GracefulShutdown       [0;39m [2m:[0;39m Graceful shutdown complete
[2m2025-04-15 21:18:06.887[0;39m [31mERROR[0;39m [35m6915[0;39m [2m---[0;39m [2m[-10010-Acceptor][0;39m [36morg.apache.tomcat.util.net.Acceptor     [0;39m [2m:[0;39m Socket accept failed

java.nio.channels.AsynchronousCloseException: null
	at java.base/java.nio.channels.spi.AbstractInterruptibleChannel.end(AbstractInterruptibleChannel.java:202)
	at java.base/sun.nio.ch.ServerSocketChannelImpl.end(ServerSocketChannelImpl.java:376)
	at java.base/sun.nio.ch.ServerSocketChannelImpl.accept(ServerSocketChannelImpl.java:399)
	at org.apache.tomcat.util.net.NioEndpoint.serverSocketAccept(NioEndpoint.java:518)
	at org.apache.tomcat.util.net.NioEndpoint.serverSocketAccept(NioEndpoint.java:71)
	at org.apache.tomcat.util.net.Acceptor.run(Acceptor.java:128)
	at java.base/java.lang.Thread.run(Thread.java:833)

[2m2025-04-15 21:18:06.888[0;39m [32m INFO[0;39m [35m6915[0;39m [2m---[0;39m [2m[       Thread-5][0;39m [36mo.a.coyote.http11.Http11NioProtocol     [0;39m [2m:[0;39m Stopping ProtocolHandler ["http-nio-10010"]
[2m2025-04-15 21:18:06.896[0;39m [32m INFO[0;39m [35m6915[0;39m [2m---[0;39m [2m[       Thread-5][0;39m [36mc.b.d.d.DynamicRoutingDataSource        [0;39m [2m:[0;39m dynamic-datasource start closing ....
[2m2025-04-15 21:18:06.902[0;39m [32m INFO[0;39m [35m6915[0;39m [2m---[0;39m [2m[       Thread-5][0;39m [36mc.b.d.d.d.DefaultDataSourceDestroyer    [0;39m [2m:[0;39m dynamic-datasource close the datasource named [order] success,
[2m2025-04-15 21:18:06.903[0;39m [32m INFO[0;39m [35m6915[0;39m [2m---[0;39m [2m[       Thread-5][0;39m [36mc.b.d.d.DynamicRoutingDataSource        [0;39m [2m:[0;39m dynamic-datasource all closed success,bye
[2m2025-04-15 21:18:06.978[0;39m [32m INFO[0;39m [35m6915[0;39m [2m---[0;39m [2m[  restartedMain][0;39m [36mcn.thtns.test.auto.TestAutoApplication  [0;39m [2m:[0;39m Starting TestAutoApplication using Java 17.0.8.1 with PID 6915 (/Users/liuyujun/IdeaProjects/test-auto/target/classes started by liuyujun in /Users/liuyujun/IdeaProjects/test-auto)
[2m2025-04-15 21:18:06.979[0;39m [32m INFO[0;39m [35m6915[0;39m [2m---[0;39m [2m[  restartedMain][0;39m [36mcn.thtns.test.auto.TestAutoApplication  [0;39m [2m:[0;39m No active profile set, falling back to 1 default profile: "default"
[2m2025-04-15 21:18:07.102[0;39m [32m INFO[0;39m [35m6915[0;39m [2m---[0;39m [2m[  restartedMain][0;39m [36mo.s.b.w.embedded.tomcat.TomcatWebServer [0;39m [2m:[0;39m Tomcat initialized with port 10010 (http)
[2m2025-04-15 21:18:07.103[0;39m [32m INFO[0;39m [35m6915[0;39m [2m---[0;39m [2m[  restartedMain][0;39m [36mo.a.coyote.http11.Http11NioProtocol     [0;39m [2m:[0;39m Initializing ProtocolHandler ["http-nio-10010"]
[2m2025-04-15 21:18:07.103[0;39m [32m INFO[0;39m [35m6915[0;39m [2m---[0;39m [2m[  restartedMain][0;39m [36mo.apache.catalina.core.StandardService  [0;39m [2m:[0;39m Starting service [Tomcat]
[2m2025-04-15 21:18:07.103[0;39m [32m INFO[0;39m [35m6915[0;39m [2m---[0;39m [2m[  restartedMain][0;39m [36mo.apache.catalina.core.StandardEngine   [0;39m [2m:[0;39m Starting Servlet engine: [Apache Tomcat/10.1.34]
[2m2025-04-15 21:18:07.108[0;39m [32m INFO[0;39m [35m6915[0;39m [2m---[0;39m [2m[  restartedMain][0;39m [36mo.a.c.c.C.[Tomcat].[localhost].[/]      [0;39m [2m:[0;39m Initializing Spring embedded WebApplicationContext
[2m2025-04-15 21:18:07.108[0;39m [32m INFO[0;39m [35m6915[0;39m [2m---[0;39m [2m[  restartedMain][0;39m [36mw.s.c.ServletWebServerApplicationContext[0;39m [2m:[0;39m Root WebApplicationContext: initialization completed in 128 ms
[2m2025-04-15 21:18:07.201[0;39m [32m INFO[0;39m [35m6915[0;39m [2m---[0;39m [2m[  restartedMain][0;39m [36mc.b.d.d.DynamicRoutingDataSource        [0;39m [2m:[0;39m dynamic-datasource - add a datasource named [order] success
[2m2025-04-15 21:18:07.201[0;39m [32m INFO[0;39m [35m6915[0;39m [2m---[0;39m [2m[  restartedMain][0;39m [36mc.b.d.d.DynamicRoutingDataSource        [0;39m [2m:[0;39m dynamic-datasource initial loaded [1] datasource,primary datasource named [order]
[2m2025-04-15 21:18:07.409[0;39m [32m INFO[0;39m [35m6915[0;39m [2m---[0;39m [2m[  restartedMain][0;39m [36mo.s.b.d.a.OptionalLiveReloadServer      [0;39m [2m:[0;39m LiveReload server is running on port 35729
[2m2025-04-15 21:18:07.416[0;39m [32m INFO[0;39m [35m6915[0;39m [2m---[0;39m [2m[  restartedMain][0;39m [36mo.a.coyote.http11.Http11NioProtocol     [0;39m [2m:[0;39m Starting ProtocolHandler ["http-nio-10010"]
[2m2025-04-15 21:18:07.417[0;39m [32m INFO[0;39m [35m6915[0;39m [2m---[0;39m [2m[  restartedMain][0;39m [36mo.s.b.w.embedded.tomcat.TomcatWebServer [0;39m [2m:[0;39m Tomcat started on port 10010 (http) with context path '/'
[2m2025-04-15 21:18:07.420[0;39m [32m INFO[0;39m [35m6915[0;39m [2m---[0;39m [2m[  restartedMain][0;39m [36mcn.thtns.test.auto.TestAutoApplication  [0;39m [2m:[0;39m Started TestAutoApplication in 0.465 seconds (process running for 211.93)
[2m2025-04-15 21:18:07.421[0;39m [32m INFO[0;39m [35m6915[0;39m [2m---[0;39m [2m[  restartedMain][0;39m [36m.ConditionEvaluationDeltaLoggingListener[0;39m [2m:[0;39m Condition evaluation unchanged
[2m2025-04-15 21:20:55.563[0;39m [32m INFO[0;39m [35m6915[0;39m [2m---[0;39m [2m[   File Watcher][0;39m [36mrtingClassPathChangeChangedEventListener[0;39m [2m:[0;39m Restarting due to 1 class path change (0 additions, 1 deletion, 0 modifications)
[2m2025-04-15 21:20:55.566[0;39m [32m INFO[0;39m [35m6915[0;39m [2m---[0;39m [2m[       Thread-7][0;39m [36mo.s.b.w.e.tomcat.GracefulShutdown       [0;39m [2m:[0;39m Commencing graceful shutdown. Waiting for active requests to complete
[2m2025-04-15 21:20:55.567[0;39m [32m INFO[0;39m [35m6915[0;39m [2m---[0;39m [2m[tomcat-shutdown][0;39m [36mo.a.coyote.http11.Http11NioProtocol     [0;39m [2m:[0;39m Pausing ProtocolHandler ["http-nio-10010"]
[2m2025-04-15 21:20:57.575[0;39m [32m INFO[0;39m [35m6915[0;39m [2m---[0;39m [2m[tomcat-shutdown][0;39m [36mo.s.b.w.e.tomcat.GracefulShutdown       [0;39m [2m:[0;39m Graceful shutdown complete
[2m2025-04-15 21:20:57.575[0;39m [31mERROR[0;39m [35m6915[0;39m [2m---[0;39m [2m[-10010-Acceptor][0;39m [36morg.apache.tomcat.util.net.Acceptor     [0;39m [2m:[0;39m Socket accept failed

java.nio.channels.AsynchronousCloseException: null
	at java.base/java.nio.channels.spi.AbstractInterruptibleChannel.end(AbstractInterruptibleChannel.java:202)
	at java.base/sun.nio.ch.ServerSocketChannelImpl.end(ServerSocketChannelImpl.java:376)
	at java.base/sun.nio.ch.ServerSocketChannelImpl.accept(ServerSocketChannelImpl.java:399)
	at org.apache.tomcat.util.net.NioEndpoint.serverSocketAccept(NioEndpoint.java:518)
	at org.apache.tomcat.util.net.NioEndpoint.serverSocketAccept(NioEndpoint.java:71)
	at org.apache.tomcat.util.net.Acceptor.run(Acceptor.java:128)
	at java.base/java.lang.Thread.run(Thread.java:833)

[2m2025-04-15 21:20:57.576[0;39m [32m INFO[0;39m [35m6915[0;39m [2m---[0;39m [2m[       Thread-7][0;39m [36mo.a.coyote.http11.Http11NioProtocol     [0;39m [2m:[0;39m Stopping ProtocolHandler ["http-nio-10010"]
[2m2025-04-15 21:20:57.580[0;39m [32m INFO[0;39m [35m6915[0;39m [2m---[0;39m [2m[       Thread-7][0;39m [36mc.b.d.d.DynamicRoutingDataSource        [0;39m [2m:[0;39m dynamic-datasource start closing ....
[2m2025-04-15 21:20:57.581[0;39m [32m INFO[0;39m [35m6915[0;39m [2m---[0;39m [2m[       Thread-7][0;39m [36mc.b.d.d.d.DefaultDataSourceDestroyer    [0;39m [2m:[0;39m dynamic-datasource close the datasource named [order] success,
[2m2025-04-15 21:20:57.581[0;39m [32m INFO[0;39m [35m6915[0;39m [2m---[0;39m [2m[       Thread-7][0;39m [36mc.b.d.d.DynamicRoutingDataSource        [0;39m [2m:[0;39m dynamic-datasource all closed success,bye
[2m2025-04-15 21:20:57.656[0;39m [32m INFO[0;39m [35m6915[0;39m [2m---[0;39m [2m[  restartedMain][0;39m [36mcn.thtns.test.auto.TestAutoApplication  [0;39m [2m:[0;39m Starting TestAutoApplication using Java 17.0.8.1 with PID 6915 (/Users/liuyujun/IdeaProjects/test-auto/target/classes started by liuyujun in /Users/liuyujun/IdeaProjects/test-auto)
[2m2025-04-15 21:20:57.656[0;39m [32m INFO[0;39m [35m6915[0;39m [2m---[0;39m [2m[  restartedMain][0;39m [36mcn.thtns.test.auto.TestAutoApplication  [0;39m [2m:[0;39m No active profile set, falling back to 1 default profile: "default"
[2m2025-04-15 21:20:57.770[0;39m [32m INFO[0;39m [35m6915[0;39m [2m---[0;39m [2m[  restartedMain][0;39m [36mo.s.b.w.embedded.tomcat.TomcatWebServer [0;39m [2m:[0;39m Tomcat initialized with port 10010 (http)
[2m2025-04-15 21:20:57.771[0;39m [32m INFO[0;39m [35m6915[0;39m [2m---[0;39m [2m[  restartedMain][0;39m [36mo.a.coyote.http11.Http11NioProtocol     [0;39m [2m:[0;39m Initializing ProtocolHandler ["http-nio-10010"]
[2m2025-04-15 21:20:57.771[0;39m [32m INFO[0;39m [35m6915[0;39m [2m---[0;39m [2m[  restartedMain][0;39m [36mo.apache.catalina.core.StandardService  [0;39m [2m:[0;39m Starting service [Tomcat]
[2m2025-04-15 21:20:57.771[0;39m [32m INFO[0;39m [35m6915[0;39m [2m---[0;39m [2m[  restartedMain][0;39m [36mo.apache.catalina.core.StandardEngine   [0;39m [2m:[0;39m Starting Servlet engine: [Apache Tomcat/10.1.34]
[2m2025-04-15 21:20:57.776[0;39m [32m INFO[0;39m [35m6915[0;39m [2m---[0;39m [2m[  restartedMain][0;39m [36mo.a.c.c.C.[Tomcat].[localhost].[/]      [0;39m [2m:[0;39m Initializing Spring embedded WebApplicationContext
[2m2025-04-15 21:20:57.776[0;39m [32m INFO[0;39m [35m6915[0;39m [2m---[0;39m [2m[  restartedMain][0;39m [36mw.s.c.ServletWebServerApplicationContext[0;39m [2m:[0;39m Root WebApplicationContext: initialization completed in 119 ms
[2m2025-04-15 21:20:57.792[0;39m [33m WARN[0;39m [35m6915[0;39m [2m---[0;39m [2m[  restartedMain][0;39m [36mConfigServletWebServerApplicationContext[0;39m [2m:[0;39m Exception encountered during context initialization - cancelling refresh attempt: org.springframework.beans.factory.BeanCreationException: Error creating bean with name 'deviceProfitController': Resolution of declared constructors on bean Class [cn.thtns.test.auto.controller.DeviceProfitController] from ClassLoader [org.springframework.boot.devtools.restart.classloader.RestartClassLoader@7972aba9] failed
[2m2025-04-15 21:20:57.792[0;39m [32m INFO[0;39m [35m6915[0;39m [2m---[0;39m [2m[  restartedMain][0;39m [36mo.apache.catalina.core.StandardService  [0;39m [2m:[0;39m Stopping service [Tomcat]
[2m2025-04-15 21:20:57.795[0;39m [32m INFO[0;39m [35m6915[0;39m [2m---[0;39m [2m[  restartedMain][0;39m [36m.s.b.a.l.ConditionEvaluationReportLogger[0;39m [2m:[0;39m 

Error starting ApplicationContext. To display the condition evaluation report re-run your application with 'debug' enabled.
[2m2025-04-15 21:20:57.808[0;39m [31mERROR[0;39m [35m6915[0;39m [2m---[0;39m [2m[  restartedMain][0;39m [36mo.s.boot.SpringApplication              [0;39m [2m:[0;39m Application run failed

org.springframework.beans.factory.BeanCreationException: Error creating bean with name 'deviceProfitController': Resolution of declared constructors on bean Class [cn.thtns.test.auto.controller.DeviceProfitController] from ClassLoader [org.springframework.boot.devtools.restart.classloader.RestartClassLoader@7972aba9] failed
	at org.springframework.beans.factory.annotation.AutowiredAnnotationBeanPostProcessor.determineCandidateConstructors(AutowiredAnnotationBeanPostProcessor.java:384)
	at org.springframework.beans.factory.support.AbstractAutowireCapableBeanFactory.determineConstructorsFromBeanPostProcessors(AbstractAutowireCapableBeanFactory.java:1316)
	at org.springframework.beans.factory.support.AbstractAutowireCapableBeanFactory.createBeanInstance(AbstractAutowireCapableBeanFactory.java:1211)
	at org.springframework.beans.factory.support.AbstractAutowireCapableBeanFactory.doCreateBean(AbstractAutowireCapableBeanFactory.java:563)
	at org.springframework.beans.factory.support.AbstractAutowireCapableBeanFactory.createBean(AbstractAutowireCapableBeanFactory.java:523)
	at org.springframework.beans.factory.support.AbstractBeanFactory.lambda$doGetBean$0(AbstractBeanFactory.java:336)
	at org.springframework.beans.factory.support.DefaultSingletonBeanRegistry.getSingleton(DefaultSingletonBeanRegistry.java:289)
	at org.springframework.beans.factory.support.AbstractBeanFactory.doGetBean(AbstractBeanFactory.java:334)
	at org.springframework.beans.factory.support.AbstractBeanFactory.getBean(AbstractBeanFactory.java:199)
	at org.springframework.beans.factory.support.DefaultListableBeanFactory.instantiateSingleton(DefaultListableBeanFactory.java:1122)
	at org.springframework.beans.factory.support.DefaultListableBeanFactory.preInstantiateSingleton(DefaultListableBeanFactory.java:1093)
	at org.springframework.beans.factory.support.DefaultListableBeanFactory.preInstantiateSingletons(DefaultListableBeanFactory.java:1030)
	at org.springframework.context.support.AbstractApplicationContext.finishBeanFactoryInitialization(AbstractApplicationContext.java:987)
	at org.springframework.context.support.AbstractApplicationContext.refresh(AbstractApplicationContext.java:627)
	at org.springframework.boot.web.servlet.context.ServletWebServerApplicationContext.refresh(ServletWebServerApplicationContext.java:146)
	at org.springframework.boot.SpringApplication.refresh(SpringApplication.java:752)
	at org.springframework.boot.SpringApplication.refreshContext(SpringApplication.java:439)
	at org.springframework.boot.SpringApplication.run(SpringApplication.java:318)
	at org.springframework.boot.SpringApplication.run(SpringApplication.java:1361)
	at org.springframework.boot.SpringApplication.run(SpringApplication.java:1350)
	at cn.thtns.test.auto.TestAutoApplication.main(TestAutoApplication.java:10)
	at java.base/jdk.internal.reflect.NativeMethodAccessorImpl.invoke0(Native Method)
	at java.base/jdk.internal.reflect.NativeMethodAccessorImpl.invoke(NativeMethodAccessorImpl.java:77)
	at java.base/jdk.internal.reflect.DelegatingMethodAccessorImpl.invoke(DelegatingMethodAccessorImpl.java:43)
	at java.base/java.lang.reflect.Method.invoke(Method.java:568)
	at org.springframework.boot.devtools.restart.RestartLauncher.run(RestartLauncher.java:50)
Caused by: java.lang.NoClassDefFoundError: cn/thtns/test/auto/service/DeviceProfitService
	at java.base/java.lang.Class.getDeclaredConstructors0(Native Method)
	at java.base/java.lang.Class.privateGetDeclaredConstructors(Class.java:3373)
	at java.base/java.lang.Class.getDeclaredConstructors(Class.java:2555)
	at org.springframework.beans.factory.annotation.AutowiredAnnotationBeanPostProcessor.determineCandidateConstructors(AutowiredAnnotationBeanPostProcessor.java:379)
	... 25 common frames omitted
Caused by: java.lang.ClassNotFoundException: cn.thtns.test.auto.service.DeviceProfitService
	at java.base/jdk.internal.loader.BuiltinClassLoader.loadClass(BuiltinClassLoader.java:641)
	at java.base/jdk.internal.loader.ClassLoaders$AppClassLoader.loadClass(ClassLoaders.java:188)
	at java.base/java.lang.ClassLoader.loadClass(ClassLoader.java:525)
	at java.base/java.lang.Class.forName0(Native Method)
	at java.base/java.lang.Class.forName(Class.java:467)
	at org.springframework.boot.devtools.restart.classloader.RestartClassLoader.loadClass(RestartClassLoader.java:121)
	at java.base/java.lang.ClassLoader.loadClass(ClassLoader.java:525)
	... 29 common frames omitted

